=== RUN   TestAddFinancingPromotionToBank
2024-12-18T02:48:42.896Z	INFO	Cleaning the database: dropping existing tables...
2024-12-18T02:48:43.007Z	INFO	Migrating database schema...
2024-12-18T02:48:43.181Z	INFO	Database schema initialized successfully.
Bank inserted successfully
2024-12-18T02:48:43.184Z	INFO	Searching for bank with 'cuit' 30-12345678-9
Promotion inserted successfully
--- PASS: TestAddFinancingPromotionToBank (0.29s)
=== RUN   TestExtendPromotionValidity
2024-12-18T02:48:43.190Z	INFO	Cleaning the database: dropping existing tables...
2024-12-18T02:48:43.280Z	INFO	Migrating database schema...
2024-12-18T02:48:43.450Z	INFO	Database schema initialized successfully.
Promotion Code PROMO123 updated successfully
Promotion Code WINTERSALE2024 updated successfully
--- PASS: TestExtendPromotionValidity (0.33s)
=== RUN   TestDeleteFinancingPromotion
2024-12-18T02:48:43.518Z	INFO	Cleaning the database: dropping existing tables...
2024-12-18T02:48:43.610Z	INFO	Migrating database schema...
2024-12-18T02:48:43.792Z	INFO	Database schema initialized successfully.
2024-12-18T02:48:43.862Z	INFO	DiscountEntity with code PV20241001 was successfully logically deleted.
--- PASS: TestDeleteFinancingPromotion (0.35s)
=== RUN   TestDeleteDiscountPromotion
2024-12-18T02:48:43.863Z	INFO	Cleaning the database: dropping existing tables...
2024-12-18T02:48:44.004Z	INFO	Migrating database schema...
2024-12-18T02:48:44.172Z	INFO	Database schema initialized successfully.
2024-12-18T02:48:44.235Z	INFO	FinancingEntity with code SPRINGDEAL2024 was successfully logically deleted.
--- PASS: TestDeleteDiscountPromotion (0.37s)
=== RUN   TestGetBankCustomerCounts
2024-12-18T02:48:44.236Z	INFO	Cleaning the database: dropping existing tables...
2024-12-18T02:48:44.321Z	INFO	Migrating database schema...
2024-12-18T02:48:44.488Z	INFO	Database schema initialized successfully.
--- PASS: TestGetBankCustomerCounts (0.32s)
=== RUN   TestGetPaymentSummary
2024-12-18T02:48:44.553Z	INFO	Cleaning the database: dropping existing tables...
2024-12-18T02:48:44.640Z	INFO	Migrating database schema...
2024-12-18T02:48:44.809Z	INFO	Database schema initialized successfully.
--- PASS: TestGetPaymentSummary (0.32s)
=== RUN   TestGetCardsExpiringInNext30Days
2024-12-18T02:48:44.877Z	INFO	Cleaning the database: dropping existing tables...
2024-12-18T02:48:44.968Z	INFO	Migrating database schema...
2024-12-18T02:48:45.142Z	INFO	Database schema initialized successfully.
--- PASS: TestGetCardsExpiringInNext30Days (0.33s)
=== RUN   TestGetPurchaseSingle
2024-12-18T02:48:45.207Z	INFO	Cleaning the database: dropping existing tables...
2024-12-18T02:48:45.293Z	INFO	Migrating database schema...
2024-12-18T02:48:45.460Z	INFO	Database schema initialized successfully.
--- PASS: TestGetPurchaseSingle (0.32s)
=== RUN   TestGetPurchaseMonthly
2024-12-18T02:48:45.524Z	INFO	Cleaning the database: dropping existing tables...
2024-12-18T02:48:45.612Z	INFO	Migrating database schema...
2024-12-18T02:48:45.780Z	INFO	Database schema initialized successfully.
--- PASS: TestGetPurchaseMonthly (0.32s)
=== RUN   TestGetTop10CardsByPurchases
2024-12-18T02:48:45.844Z	INFO	Cleaning the database: dropping existing tables...
2024-12-18T02:48:45.935Z	INFO	Migrating database schema...
2024-12-18T02:48:46.111Z	INFO	Database schema initialized successfully.
--- PASS: TestGetTop10CardsByPurchases (0.34s)
=== RUN   TestGetAvailablePromotionsByStoreAndDateRange
2024-12-18T02:48:46.182Z	INFO	Cleaning the database: dropping existing tables...
2024-12-18T02:48:46.288Z	INFO	Migrating database schema...
2024-12-18T02:48:46.457Z	INFO	Database schema initialized successfully.
--- PASS: TestGetAvailablePromotionsByStoreAndDateRange (0.34s)
=== RUN   TestGetMostUsedPromotion
2024-12-18T02:48:46.521Z	INFO	Cleaning the database: dropping existing tables...
2024-12-18T02:48:46.606Z	INFO	Migrating database schema...
2024-12-18T02:48:46.772Z	INFO	Database schema initialized successfully.
--- PASS: TestGetMostUsedPromotion (0.32s)
=== RUN   TestGetStoreWithHighestRevenueByMonth
2024-12-18T02:48:46.836Z	INFO	Cleaning the database: dropping existing tables...
2024-12-18T02:48:46.923Z	INFO	Migrating database schema...
2024-12-18T02:48:47.095Z	INFO	Database schema initialized successfully.
--- PASS: TestGetStoreWithHighestRevenueByMonth (0.32s)
PASS
ok  	github.com/GabrielEValenzuela/Payment-Registration-System/src/internal/storage/relational/repository	4.269s
